documento
fragmento
ciumento
lamento
sacramento
lamento
plenamento
indumento
argumento
formento
augmento
augmento
suplemento
parlamento
indumento
documento
complemento
comento
lamento
fragmento
ciumento
jumento
cimento
lamento
complemento
augmento
argumento
escarmento
argumento
locução
correlação
moção
aberração
ignição
sanção
jurisdição
conceição
ração
ressurreição
nação
erupção
revolução
translação
petição
fricção
canção
fiação
defecção
coleção
seleção
coração
noção
insolação
exceção
retação
convenção
sensação
estação
interlocução
corporação
indiscrição
refeição
asumpção
tição
comoção
dicção
corção
facção
desproporção
redação
estado-nação
macro-relação
fração
mação
pós-revolução
indefinição
indisposição
calção
vale-refeição
predileção
tradição
dentição
subestação
negração
infração
ablação
ação
estimação
entronização
feição
vocação
sem-noção
autodissolução
posição
atenção
adoção
surreição
satisfação
deflação
porção
precondição
intenção
audição
imediação
poção
seção
coerção
dilação
ereção
fação
propriocepção
tropeção
direção
circunspecção
transição
insatisfação
função
mensalação
pré-seleção
táxi-lotação
não-ficção
pós-ação
supercorporação
anticorrupção
mini-coleção
socialcanção
conjunção
preleção
inseguração
disfunção
solução
equação
inanição
correição
ambição
ilação
erudição
chefe-da-nação
introspecção
preposição
imperfeição
automação
erupção
irresolução
françao
abjeção
calefação
acepção
geolocalização
tubulação
aberração
situação
transação
curaçao
premonição
contravenção
discrição
decepção
ovação
insurreição
equitação
contracepção
precaução
prestatenção
população
munição
redenção
inquisição
cognição
impeção
pedação
loção
lição
abração
aviação
subseção
guarnição
emoção
ação
vegetação
dentução
relação
inspeção
superstição
refeição
perfeição
convicção
oução
proporção
condição
menção
cabeção
maldição
condição
radiação
musculação
crianção
tração
amento
ficção
sem-coração
conscrição
confecção
adição
asseleção
afeição
manutenção
deteorização
monção
viação
asserção
constelação
bênção
refeição
inação
multinfunção
subvenção
seleção
caução
alianção
drogadição
incorreção
ção
canção
interjeição
compleição
redenção
sedição
desatenção
exação
toxiinfecção
detração
caroção
advecção
alegrediferençao
aniversáriosconceição
contra-lição
meia-estação
micronação
refeição
atenção
afecção
intonação
irrupção
meta-ficção
micro-nação
musculação
mudançao
rouba-coração
suíçao
sçao
linguição
prelação
reconvenção
instrumento
comprimento
ummomento
segmento
fundamento
casamento
pavimento
apartamento
excremento
insediamento
cimento
fibrocimento
incremento
tele-rilevamento
parlamento
pimento
departamento
paramento
auto-atendimento
amento
microapartamento
entretenimento
compartimento
oligoelemento
experimento
monumento
tramento
auto-conhecimento
pattegiamento
pigmento
departamento
suplemento
ciumento
videomonitoramento
jumento
sarmento
fermento
amamento
superalimento
aggiornamento
documento
alimento
firmamento
lamento
emolumento
papiamento
cimento
pentimento
rudimento
sedimento
tormento
cidade-monumento
guest-post-superei-um-casamento
contraoaumento
comento
guest-post-diversidade-de-pensamento
fomento
argumento
sacramento
guest-post-minha-certidao-de-nascimento
condimento
implemento
recomento
momento
complemento
guest-post-mistica-e-luta-no-movimento
nascimento
guest-post-um-agradecimento
filamento
aumento
testamento
temperamento
detrimento
subsegmento
firmento
vantamento
elemento
apartamento
fragmento
estamento
gosmento
pamento
memento
figmento
